[2026-08-16T10:18:16.843Z] connection 建立
[2026-08-16T10:19:19.127Z] connection 建立
[2026-08-16T10:19:19.130Z] message: {"type":"join","name":"调试员9"}
[2026-08-16T10:19:24.065Z] connection 建立
[2026-08-16T10:19:24.067Z] message: {"type":"join","name":"测试员","color":"#ffd166","agentName":"小助手"}
[2026-08-16T10:19:24.152Z] message: {"type":"control","dir":"right"}
[2026-08-16T10:19:24.264Z] message: {"type":"control","dir":"right"}
[2026-08-16T10:19:24.373Z] message: {"type":"control","interact":true}
[2026-08-16T10:19:24.482Z] message: {"type":"chat","channel":"player","text":"/buy 小麦种子 2"}
[2026-08-16T10:19:24.593Z] message: {"type":"control","interact":true}
[2026-08-16T10:19:24.704Z] message: {"type":"chat","channel":"player","text":"/task"}
[2026-08-16T10:19:24.814Z] message: {"type":"spectate","target":"a2"}
[2026-08-16T10:19:24.923Z] message: {"type":"talk","target":"a2","text":"去钓鱼吧"}
[2026-08-16T10:19:33.271Z] connection 建立
[2026-08-16T10:19:33.273Z] message: {"type":"join","name":"接入测试","agentName":"小助手"}
[2026-08-16T10:19:33.274Z] message: {"type":"chat","channel":"player","text":"/agent"}
[2026-08-16T10:20:35.774Z] connection 建立
[2026-08-16T10:20:35.776Z] message: {"type":"join","name":"接入测试","agentName":"小助手"}
[2026-08-16T10:20:35.778Z] message: {"type":"chat","channel":"player","text":"/agent"}
[2026-08-16T10:21:46.224Z] connection 建立
[2026-08-16T10:21:46.227Z] message: {"type":"join","name":"接入测试","agentName":"小助手"}
[2026-08-16T10:21:46.228Z] message: {"type":"chat","channel":"player","text":"/agent"}
[2026-08-16T10:24:47.006Z] connection 建立
[2026-08-16T10:24:47.020Z] message: {"type":"join","name":"豆豆","color":"#ffd166","agentName":"小助手"}
[2026-08-16T10:24:57.202Z] connection 建立
[2026-08-16T10:24:57.216Z] message: {"type":"join","name":"豆豆","color":"#ffd166","agentName":"小助手"}
[2026-08-16T10:25:05.317Z] message: {"type":"control","dir":"right"}
[2026-08-16T10:25:05.502Z] message: {"type":"control","dir":"right"}
[2026-08-16T10:25:05.683Z] message: {"type":"control","dir":"right"}
[2026-08-16T10:25:05.867Z] message: {"type":"control","dir":"right"}
[2026-08-16T10:25:06.059Z] message: {"type":"control","dir":"down"}
[2026-08-16T10:25:06.233Z] message: {"type":"control","dir":"down"}
[2026-08-16T10:25:06.417Z] message: {"type":"control","dir":"down"}
[2026-08-16T10:25:09.344Z] message: {"type":"chat","channel":"player","text":"大家好，我是豆豆！"}
[2026-08-16T10:44:22.485Z] connection 建立
[2026-08-16T10:44:22.496Z] message: {"type":"join","name":"豆豆","color":"#ffd166","agentName":"小助手"}
[2026-08-16T10:44:30.598Z] message: {"type":"control","dir":"right"}
[2026-08-16T10:44:30.780Z] message: {"type":"control","dir":"right"}
[2026-08-16T10:44:30.960Z] message: {"type":"control","dir":"right"}
[2026-08-16T10:44:31.144Z] message: {"type":"control","dir":"right"}
[2026-08-16T10:44:31.327Z] message: {"type":"control","dir":"down"}
[2026-08-16T10:44:31.514Z] message: {"type":"control","dir":"down"}
[2026-08-16T10:44:31.693Z] message: {"type":"control","dir":"down"}
[2026-08-16T10:44:34.634Z] message: {"type":"chat","channel":"player","text":"大家好，我是豆豆！"}
[2026-08-16T10:45:32.599Z] connection 建立
[2026-08-16T10:45:32.613Z] message: {"type":"join","name":"调试","color":"#ffd166","agentName":""}
[2026-08-16T10:45:58.752Z] connection 建立
[2026-08-16T10:45:58.767Z] message: {"type":"join","name":"调试","color":"#ffd166","agentName":""}
[2026-08-16T10:47:18.289Z] connection 建立
[2026-08-16T10:47:18.302Z] message: {"type":"join","name":"调试","color":"#ffd166","agentName":""}
[2026-08-16T10:47:53.520Z] connection 建立
[2026-08-16T10:47:53.534Z] message: {"type":"join","name":"调试","color":"#ffd166","agentName":""}
[2026-08-16T10:48:10.638Z] connection 建立
[2026-08-16T10:48:10.652Z] message: {"type":"join","name":"调试","color":"#ffd166","agentName":""}
[2026-08-16T10:48:28.779Z] connection 建立
[2026-08-16T10:48:28.793Z] message: {"type":"join","name":"调试","color":"#ffd166","agentName":""}
[2026-08-16T10:48:54.458Z] connection 建立
[2026-08-16T10:48:54.471Z] message: {"type":"join","name":"调试","color":"#ffd166","agentName":""}
[2026-08-16T10:49:11.929Z] connection 建立
[2026-08-16T10:49:11.943Z] message: {"type":"join","name":"调试","color":"#ffd166","agentName":""}
[2026-08-16T10:49:50.290Z] connection 建立
[2026-08-16T10:49:50.303Z] message: {"type":"join","name":"调试","color":"#ffd166","agentName":""}
[2026-08-16T10:50:16.404Z] connection 建立
[2026-08-16T10:50:16.417Z] message: {"type":"join","name":"调试","color":"#ffd166","agentName":""}
[2026-08-16T10:51:11.949Z] connection 建立
[2026-08-16T10:51:11.962Z] message: {"type":"join","name":"调试","color":"#ffd166","agentName":""}
[2026-08-16T10:54:47.800Z] connection 建立
[2026-08-16T10:54:47.813Z] message: {"type":"join","name":"调试","color":"#ffd166","agentName":""}
[2026-08-16T10:55:37.663Z] connection 建立
[2026-08-16T10:55:37.677Z] message: {"type":"join","name":"调试","color":"#ffd166","agentName":""}
[2026-08-16T10:55:56.405Z] connection 建立
[2026-08-16T10:55:56.418Z] message: {"type":"join","name":"调试","color":"#ffd166","agentName":""}
[2026-08-16T10:57:13.931Z] connection 建立
[2026-08-16T10:57:13.945Z] message: {"type":"join","name":"调试","color":"#ffd166","agentName":""}
[2026-08-16T10:57:43.181Z] connection 建立
[2026-08-16T10:57:43.195Z] message: {"type":"join","name":"调试","color":"#ffd166","agentName":""}
[2026-08-16T10:58:06.418Z] connection 建立
[2026-08-16T10:58:06.430Z] message: {"type":"join","name":"豆豆","color":"#ffd166","agentName":"小助手"}
[2026-08-16T10:58:14.565Z] message: {"type":"control","dir":"right"}
[2026-08-16T10:58:14.746Z] message: {"type":"control","dir":"right"}
[2026-08-16T10:58:14.927Z] message: {"type":"control","dir":"right"}
[2026-08-16T10:58:15.114Z] message: {"type":"control","dir":"right"}
[2026-08-16T10:58:15.301Z] message: {"type":"control","dir":"down"}
[2026-08-16T10:58:15.480Z] message: {"type":"control","dir":"down"}
[2026-08-16T10:58:15.664Z] message: {"type":"control","dir":"down"}
[2026-08-16T10:58:17.293Z] message: {"type":"control","interact":true}
[2026-08-16T10:58:28.163Z] connection 建立
[2026-08-16T10:58:28.176Z] message: {"type":"join","name":"豆豆","color":"#ffd166","agentName":"小助手"}
[2026-08-16T10:58:36.305Z] message: {"type":"control","dir":"right"}
[2026-08-16T10:58:36.487Z] message: {"type":"control","dir":"right"}
[2026-08-16T10:58:36.673Z] message: {"type":"control","dir":"right"}
[2026-08-16T10:58:36.862Z] message: {"type":"control","dir":"right"}
[2026-08-16T10:58:37.037Z] message: {"type":"control","dir":"down"}
[2026-08-16T10:58:37.221Z] message: {"type":"control","dir":"down"}
[2026-08-16T10:58:37.406Z] message: {"type":"control","dir":"down"}
[2026-08-16T10:58:40.320Z] message: {"type":"chat","channel":"player","text":"大家好，我是豆豆！"}
[2026-08-16T10:59:40.292Z] connection 建立
[2026-08-16T10:59:40.306Z] message: {"type":"join","name":"调试","color":"#ffd166","agentName":""}
[2026-08-16T11:01:57.399Z] connection 建立
[2026-08-16T11:01:57.412Z] message: {"type":"join","name":"调试","color":"#ffd166","agentName":""}
[2026-08-16T11:02:30.757Z] connection 建立
[2026-08-16T11:02:30.772Z] message: {"type":"join","name":"调试","color":"#ffd166","agentName":""}
[2026-08-16T11:02:55.077Z] connection 建立
[2026-08-16T11:02:55.090Z] message: {"type":"join","name":"调试","color":"#ffd166","agentName":""}
[2026-08-16T11:04:15.060Z] connection 建立
[2026-08-16T11:04:15.074Z] message: {"type":"join","name":"豆豆","color":"#ffd166","agentName":"小助手"}
[2026-08-16T11:04:23.189Z] message: {"type":"control","dir":"right"}
[2026-08-16T11:04:23.370Z] message: {"type":"control","dir":"right"}
[2026-08-16T11:04:23.551Z] message: {"type":"control","dir":"right"}
[2026-08-16T11:04:23.735Z] message: {"type":"control","dir":"right"}
[2026-08-16T11:04:23.919Z] message: {"type":"control","dir":"down"}
[2026-08-16T11:04:24.101Z] message: {"type":"control","dir":"down"}
[2026-08-16T11:04:24.282Z] message: {"type":"control","dir":"down"}
[2026-08-16T11:04:25.245Z] connection 建立
[2026-08-16T11:04:25.258Z] message: {"type":"join","name":"豆豆","color":"#ffd166","agentName":"小助手"}
[2026-08-16T11:04:25.923Z] message: {"type":"control","interact":true}
[2026-08-16T11:04:33.363Z] message: {"type":"control","dir":"right"}
[2026-08-16T11:04:33.542Z] message: {"type":"control","dir":"right"}
[2026-08-16T11:04:33.729Z] message: {"type":"control","dir":"right"}
[2026-08-16T11:04:33.909Z] message: {"type":"control","dir":"right"}
[2026-08-16T11:04:34.091Z] message: {"type":"control","dir":"down"}
[2026-08-16T11:04:34.273Z] message: {"type":"control","dir":"down"}
[2026-08-16T11:04:34.456Z] message: {"type":"control","dir":"down"}
[2026-08-16T11:04:37.358Z] message: {"type":"chat","channel":"player","text":"大家好，我是豆豆！"}
[2026-08-16T11:05:05.868Z] connection 建立
[2026-08-16T11:05:05.882Z] message: {"type":"join","name":"调试","color":"#ffd166","agentName":""}
[2026-08-16T11:05:51.689Z] connection 建立
[2026-08-16T11:05:51.702Z] message: {"type":"join","name":"调试","color":"#ffd166","agentName":""}
[2026-08-16T11:06:27.916Z] connection 建立
[2026-08-16T11:06:27.930Z] message: {"type":"join","name":"调试","color":"#ffd166","agentName":""}
[2026-08-16T11:06:50.144Z] connection 建立
[2026-08-16T11:06:50.157Z] message: {"type":"join","name":"调试","color":"#ffd166","agentName":""}
[2026-08-16T11:07:25.137Z] connection 建立
[2026-08-16T11:07:25.149Z] message: {"type":"join","name":"调试","color":"#ffd166","agentName":""}
[2026-08-16T11:07:47.742Z] connection 建立
[2026-08-16T11:07:47.753Z] message: {"type":"join","name":"调试","color":"#ffd166","agentName":""}
[2026-08-16T11:08:10.480Z] connection 建立
[2026-08-16T11:08:10.494Z] message: {"type":"join","name":"豆豆","color":"#ffd166","agentName":"小助手"}
[2026-08-16T11:08:22.677Z] message: {"type":"chat","channel":"player","text":"大家好，我是豆豆！"}
[2026-08-16T11:09:36.534Z] connection 建立
[2026-08-16T11:09:36.547Z] message: {"type":"join","name":"豆豆","color":"#ffd166","agentName":"小助手"}
[2026-08-16T11:09:48.579Z] message: {"type":"chat","channel":"player","text":"大家好，我是豆豆！"}
[2026-08-16T11:11:15.508Z] connection 建立
[2026-08-16T11:11:15.522Z] message: {"type":"join","name":"调试","color":"#ffd166","agentName":""}
[2026-08-16T11:12:22.336Z] connection 建立
[2026-08-16T11:12:22.350Z] message: {"type":"join","name":"调试","color":"#ffd166","agentName":""}
[2026-08-16T11:13:43.070Z] connection 建立
[2026-08-16T11:13:43.086Z] message: {"type":"join","name":"豆豆","color":"#ffd166","agentName":"小助手"}
[2026-08-16T11:13:51.250Z] message: {"type":"control","dir":"right"}
[2026-08-16T11:13:51.431Z] message: {"type":"control","dir":"right"}
[2026-08-16T11:13:51.618Z] message: {"type":"control","dir":"right"}
[2026-08-16T11:13:51.800Z] message: {"type":"control","dir":"right"}
[2026-08-16T11:13:51.981Z] message: {"type":"control","dir":"down"}
[2026-08-16T11:13:52.177Z] message: {"type":"control","dir":"down"}
[2026-08-16T11:13:52.347Z] message: {"type":"control","dir":"down"}
[2026-08-16T11:13:53.982Z] message: {"type":"control","interact":true}
[2026-08-16T11:13:55.274Z] message: {"type":"chat","channel":"player","text":"大家好，我是豆豆！"}
[2026-08-16T11:14:29.470Z] connection 建立
[2026-08-16T11:14:29.497Z] message: {"type":"join","name":"调试","color":"#ffd166","agentName":""}
[2026-08-16T11:14:48.616Z] connection 建立
[2026-08-16T11:14:48.628Z] message: {"type":"join","name":"调试","color":"#ffd166","agentName":""}
[2026-08-16T11:15:09.644Z] connection 建立
[2026-08-16T11:15:09.658Z] message: {"type":"join","name":"豆豆","color":"#ffd166","agentName":"小助手"}
[2026-08-16T11:15:17.763Z] message: {"type":"control","dir":"right"}
[2026-08-16T11:15:17.947Z] message: {"type":"control","dir":"right"}
[2026-08-16T11:15:18.131Z] message: {"type":"control","dir":"right"}
[2026-08-16T11:15:18.314Z] message: {"type":"control","dir":"right"}
[2026-08-16T11:15:18.497Z] message: {"type":"control","dir":"down"}
[2026-08-16T11:15:18.681Z] message: {"type":"control","dir":"down"}
[2026-08-16T11:15:18.876Z] message: {"type":"control","dir":"down"}
[2026-08-16T11:15:20.499Z] message: {"type":"control","interact":true}
[2026-08-16T11:15:21.789Z] message: {"type":"chat","channel":"player","text":"大家好，我是豆豆！"}
[2026-08-16T11:15:57.069Z] connection 建立
[2026-08-16T11:15:57.083Z] message: {"type":"join","name":"豆豆","color":"#ffd166","agentName":"小助手"}
[2026-08-16T11:16:05.101Z] message: {"type":"control","dir":"right"}
[2026-08-16T11:16:05.284Z] message: {"type":"control","dir":"right"}
[2026-08-16T11:16:05.467Z] message: {"type":"control","dir":"right"}
[2026-08-16T11:16:05.651Z] message: {"type":"control","dir":"right"}
[2026-08-16T11:16:05.834Z] message: {"type":"control","dir":"down"}
[2026-08-16T11:16:06.021Z] message: {"type":"control","dir":"down"}
[2026-08-16T11:16:06.201Z] message: {"type":"control","dir":"down"}
[2026-08-16T11:16:09.174Z] message: {"type":"chat","channel":"player","text":"大家好，我是豆豆！"}
[2026-08-16T11:19:26.289Z] connection 建立
[2026-08-16T11:19:26.314Z] message: {"type":"join","name":"豆豆","color":"#ffd166","agentName":"小助手"}
[2026-08-16T11:19:34.458Z] message: {"type":"control","dir":"right"}
[2026-08-16T11:19:34.642Z] message: {"type":"control","dir":"right"}
[2026-08-16T11:19:34.828Z] message: {"type":"control","dir":"right"}
[2026-08-16T11:19:35.008Z] message: {"type":"control","dir":"right"}
[2026-08-16T11:19:35.192Z] message: {"type":"control","dir":"down"}
[2026-08-16T11:19:35.395Z] message: {"type":"control","dir":"down"}
[2026-08-16T11:19:35.573Z] message: {"type":"control","dir":"down"}
[2026-08-16T11:19:37.190Z] message: {"type":"control","interact":true}
[2026-08-16T11:19:38.495Z] message: {"type":"chat","channel":"player","text":"大家好，我是豆豆！"}
[2026-08-16T11:20:13.990Z] connection 建立
[2026-08-16T11:20:14.003Z] message: {"type":"join","name":"豆豆","color":"#ffd166","agentName":"小助手"}
[2026-08-16T11:20:22.023Z] message: {"type":"control","dir":"right"}
[2026-08-16T11:20:22.204Z] message: {"type":"control","dir":"right"}
[2026-08-16T11:20:22.397Z] message: {"type":"control","dir":"right"}
[2026-08-16T11:20:22.580Z] message: {"type":"control","dir":"right"}
[2026-08-16T11:20:22.762Z] message: {"type":"control","dir":"down"}
[2026-08-16T11:20:22.952Z] message: {"type":"control","dir":"down"}
[2026-08-16T11:20:23.135Z] message: {"type":"control","dir":"down"}
[2026-08-16T11:20:26.009Z] message: {"type":"chat","channel":"player","text":"大家好，我是豆豆！"}
[2026-08-16T11:21:57.551Z] connection 建立
[2026-08-16T11:21:57.566Z] message: {"type":"join","name":"豆豆","color":"#ffd166","agentName":"小助手"}
[2026-08-16T11:22:05.589Z] message: {"type":"control","dir":"right"}
[2026-08-16T11:22:05.771Z] message: {"type":"control","dir":"right"}
[2026-08-16T11:22:05.959Z] message: {"type":"control","dir":"right"}
[2026-08-16T11:22:06.139Z] message: {"type":"control","dir":"right"}
[2026-08-16T11:22:06.321Z] message: {"type":"control","dir":"down"}
[2026-08-16T11:22:06.504Z] message: {"type":"control","dir":"down"}
[2026-08-16T11:22:06.688Z] message: {"type":"control","dir":"down"}
[2026-08-16T11:22:09.581Z] message: {"type":"chat","channel":"player","text":"大家好，我是豆豆！"}
[2026-08-16T11:22:52.998Z] connection 建立
[2026-08-16T11:22:53.011Z] message: {"type":"join","name":"豆豆","color":"#ffd166","agentName":"小助手"}
[2026-08-16T11:23:01.025Z] message: {"type":"control","dir":"right"}
[2026-08-16T11:23:01.208Z] message: {"type":"control","dir":"right"}
[2026-08-16T11:23:01.421Z] message: {"type":"control","dir":"right"}
[2026-08-16T11:23:01.579Z] message: {"type":"control","dir":"right"}
[2026-08-16T11:23:01.764Z] message: {"type":"control","dir":"down"}
[2026-08-16T11:23:01.947Z] message: {"type":"control","dir":"down"}
[2026-08-16T11:23:02.129Z] message: {"type":"control","dir":"down"}
[2026-08-16T11:23:03.761Z] message: {"type":"control","interact":true}
[2026-08-16T11:23:05.035Z] message: {"type":"chat","channel":"player","text":"大家好，我是豆豆！"}
[2026-08-16T11:23:32.027Z] connection 建立
[2026-08-16T11:23:32.056Z] message: {"type":"join","name":"豆豆","color":"#ffd166","agentName":"小助手"}
[2026-08-16T11:23:40.070Z] message: {"type":"control","dir":"right"}
[2026-08-16T11:23:40.273Z] message: {"type":"control","dir":"right"}
[2026-08-16T11:23:40.455Z] message: {"type":"control","dir":"right"}
[2026-08-16T11:23:40.638Z] message: {"type":"control","dir":"right"}
[2026-08-16T11:23:40.820Z] message: {"type":"control","dir":"down"}
[2026-08-16T11:23:41.015Z] message: {"type":"control","dir":"down"}
[2026-08-16T11:23:41.188Z] message: {"type":"control","dir":"down"}
[2026-08-16T11:23:44.087Z] message: {"type":"chat","channel":"player","text":"大家好，我是豆豆！"}
[2026-08-16T11:24:24.969Z] connection 建立
[2026-08-16T11:24:24.982Z] message: {"type":"join","name":"豆豆","color":"#ffd166","agentName":"小助手"}
[2026-08-16T11:24:32.991Z] message: {"type":"control","dir":"right"}
[2026-08-16T11:24:33.178Z] message: {"type":"control","dir":"right"}
[2026-08-16T11:24:33.358Z] message: {"type":"control","dir":"right"}
[2026-08-16T11:24:33.541Z] message: {"type":"control","dir":"right"}
[2026-08-16T11:24:33.726Z] message: {"type":"control","dir":"down"}
[2026-08-16T11:24:33.909Z] message: {"type":"control","dir":"down"}
[2026-08-16T11:24:34.091Z] message: {"type":"control","dir":"down"}
[2026-08-16T11:24:35.730Z] message: {"type":"control","interact":true}
[2026-08-16T11:24:37.072Z] message: {"type":"chat","channel":"player","text":"大家好，我是豆豆！"}
[2026-08-16T11:24:57.960Z] connection 建立
[2026-08-16T11:24:57.974Z] message: {"type":"join","name":"豆豆","color":"#ffd166","agentName":"小助手"}
[2026-08-16T11:25:06.019Z] message: {"type":"control","dir":"right"}
[2026-08-16T11:25:06.191Z] message: {"type":"control","dir":"right"}
[2026-08-16T11:25:06.377Z] message: {"type":"control","dir":"right"}
[2026-08-16T11:25:06.569Z] message: {"type":"control","dir":"right"}
[2026-08-16T11:25:06.746Z] message: {"type":"control","dir":"down"}
[2026-08-16T11:25:06.926Z] message: {"type":"control","dir":"down"}
[2026-08-16T11:25:07.121Z] message: {"type":"control","dir":"down"}
[2026-08-16T11:25:08.737Z] message: {"type":"control","interact":true}
[2026-08-16T11:25:10.017Z] message: {"type":"chat","channel":"player","text":"大家好，我是豆豆！"}
[2026-08-16T11:25:44.176Z] connection 建立
[2026-08-16T11:25:44.190Z] message: {"type":"join","name":"豆豆","color":"#ffd166","agentName":"小助手"}
[2026-08-16T11:25:52.212Z] message: {"type":"control","dir":"right"}
[2026-08-16T11:25:52.395Z] message: {"type":"control","dir":"right"}
[2026-08-16T11:25:52.580Z] message: {"type":"control","dir":"right"}
[2026-08-16T11:25:52.772Z] message: {"type":"control","dir":"right"}
[2026-08-16T11:25:52.951Z] message: {"type":"control","dir":"down"}
[2026-08-16T11:25:53.135Z] message: {"type":"control","dir":"down"}
[2026-08-16T11:25:53.322Z] message: {"type":"control","dir":"down"}
[2026-08-16T11:25:54.943Z] message: {"type":"control","interact":true}
[2026-08-16T11:25:56.187Z] message: {"type":"chat","channel":"player","text":"大家好，我是豆豆！"}
[2026-08-16T11:26:30.643Z] connection 建立
[2026-08-16T11:26:30.670Z] message: {"type":"join","name":"豆豆","color":"#ffd166","agentName":"小助手"}
[2026-08-16T11:26:38.691Z] message: {"type":"control","dir":"right"}
[2026-08-16T11:26:38.882Z] message: {"type":"control","dir":"right"}
[2026-08-16T11:26:39.060Z] message: {"type":"control","dir":"right"}
[2026-08-16T11:26:39.246Z] message: {"type":"control","dir":"right"}
[2026-08-16T11:26:39.427Z] message: {"type":"control","dir":"down"}
[2026-08-16T11:26:39.617Z] message: {"type":"control","dir":"down"}
[2026-08-16T11:26:39.794Z] message: {"type":"control","dir":"down"}
[2026-08-16T11:26:41.430Z] message: {"type":"control","interact":true}
[2026-08-16T11:26:42.757Z] message: {"type":"chat","channel":"player","text":"大家好，我是豆豆！"}
[2026-08-16T11:27:10.373Z] connection 建立
[2026-08-16T11:27:10.385Z] message: {"type":"join","name":"豆豆","color":"#ffd166","agentName":"小助手"}
[2026-08-16T11:27:18.513Z] message: {"type":"control","dir":"right"}
[2026-08-16T11:27:18.696Z] message: {"type":"control","dir":"right"}
[2026-08-16T11:27:18.879Z] message: {"type":"control","dir":"right"}
[2026-08-16T11:27:19.064Z] message: {"type":"control","dir":"right"}
[2026-08-16T11:27:19.251Z] message: {"type":"control","dir":"down"}
[2026-08-16T11:27:19.431Z] message: {"type":"control","dir":"down"}
[2026-08-16T11:27:19.629Z] message: {"type":"control","dir":"down"}
[2026-08-16T11:27:22.522Z] message: {"type":"chat","channel":"player","text":"大家好，我是豆豆！"}
[2026-08-16T11:28:37.235Z] connection 建立
[2026-08-16T11:28:37.249Z] message: {"type":"join","name":"豆豆","color":"#ffd166","agentName":"小助手"}
[2026-08-16T11:28:45.259Z] message: {"type":"control","dir":"right"}
[2026-08-16T11:28:45.441Z] message: {"type":"control","dir":"right"}
[2026-08-16T11:28:45.639Z] message: {"type":"control","dir":"right"}
[2026-08-16T11:28:45.813Z] message: {"type":"control","dir":"right"}
[2026-08-16T11:28:45.997Z] message: {"type":"control","dir":"down"}
[2026-08-16T11:28:46.187Z] message: {"type":"control","dir":"down"}
[2026-08-16T11:28:46.373Z] message: {"type":"control","dir":"down"}
[2026-08-16T11:28:47.997Z] message: {"type":"control","interact":true}
[2026-08-16T11:28:49.330Z] message: {"type":"chat","channel":"player","text":"大家好，我是豆豆！"}
[2026-08-16T11:29:53.265Z] connection 建立
[2026-08-16T11:29:53.281Z] message: {"type":"join","name":"豆豆","color":"#ffd166","agentName":"小助手"}
[2026-08-16T11:30:01.401Z] message: {"type":"control","dir":"right"}
[2026-08-16T11:30:01.586Z] message: {"type":"control","dir":"right"}
[2026-08-16T11:30:01.767Z] message: {"type":"control","dir":"right"}
[2026-08-16T11:30:01.955Z] message: {"type":"control","dir":"right"}
[2026-08-16T11:30:02.134Z] message: {"type":"control","dir":"down"}
[2026-08-16T11:30:02.318Z] message: {"type":"control","dir":"down"}
[2026-08-16T11:30:02.508Z] message: {"type":"control","dir":"down"}
[2026-08-16T11:30:04.141Z] message: {"type":"control","interact":true}
[2026-08-16T11:30:05.449Z] message: {"type":"chat","channel":"player","text":"大家好，我是豆豆！"}
[2026-08-16T11:31:10.132Z] connection 建立
[2026-08-16T11:31:10.158Z] message: {"type":"join","name":"调试","color":"#ffd166","agentName":""}
[2026-08-16T11:32:41.035Z] connection 建立
[2026-08-16T11:32:41.052Z] message: {"type":"join","name":"豆豆","color":"#ffd166","agentName":"小助手"}
[2026-08-16T11:32:49.124Z] message: {"type":"control","dir":"right"}
[2026-08-16T11:32:49.311Z] message: {"type":"control","dir":"right"}
[2026-08-16T11:32:49.491Z] message: {"type":"control","dir":"right"}
[2026-08-16T11:32:49.674Z] message: {"type":"control","dir":"right"}
[2026-08-16T11:32:49.860Z] message: {"type":"control","dir":"down"}
[2026-08-16T11:32:50.041Z] message: {"type":"control","dir":"down"}
[2026-08-16T11:32:50.224Z] message: {"type":"control","dir":"down"}
[2026-08-16T11:32:51.854Z] message: {"type":"control","interact":true}
[2026-08-16T11:32:53.146Z] message: {"type":"chat","channel":"player","text":"大家好，我是豆豆！"}
[2026-08-16T11:33:46.471Z] connection 建立
[2026-08-16T11:33:46.482Z] message: {"type":"join","name":"豆豆","color":"#ffd166","agentName":"小助手"}
[2026-08-16T11:33:54.588Z] message: {"type":"control","dir":"right"}
[2026-08-16T11:33:54.773Z] message: {"type":"control","dir":"right"}
[2026-08-16T11:33:54.953Z] message: {"type":"control","dir":"right"}
[2026-08-16T11:33:55.137Z] message: {"type":"control","dir":"right"}
[2026-08-16T11:33:55.321Z] message: {"type":"control","dir":"down"}
[2026-08-16T11:33:55.504Z] message: {"type":"control","dir":"down"}
[2026-08-16T11:33:55.686Z] message: {"type":"control","dir":"down"}
[2026-08-16T11:33:57.329Z] message: {"type":"control","interact":true}
[2026-08-16T11:33:58.668Z] message: {"type":"chat","channel":"player","text":"大家好，我是豆豆！"}
[2026-08-16T11:34:26.518Z] connection 建立
[2026-08-16T11:34:26.535Z] message: {"type":"join","name":"豆豆","color":"#ffd166","agentName":"小助手"}
[2026-08-16T11:34:34.922Z] message: {"type":"control","dir":"right"}
[2026-08-16T11:34:35.113Z] message: {"type":"control","dir":"right"}
[2026-08-16T11:34:35.300Z] message: {"type":"control","dir":"right"}
[2026-08-16T11:34:35.483Z] message: {"type":"control","dir":"right"}
[2026-08-16T11:34:35.676Z] message: {"type":"control","dir":"down"}
[2026-08-16T11:34:35.852Z] message: {"type":"control","dir":"down"}
[2026-08-16T11:34:36.035Z] message: {"type":"control","dir":"down"}
[2026-08-16T11:34:37.681Z] message: {"type":"control","interact":true}
[2026-08-16T11:34:39.175Z] message: {"type":"chat","channel":"player","text":"大家好，我是豆豆！"}
[2026-08-16T11:37:23.649Z] connection 建立
[2026-08-16T11:37:23.651Z] message: {"type":"join","name":"测试员","color":"#ffd166","agentName":"小助手"}
[2026-08-16T11:37:23.761Z] message: {"type":"control","dir":"right"}
[2026-08-16T11:39:27.403Z] connection 建立
[2026-08-16T11:39:27.406Z] message: {"type":"join","name":"生产测试","color":"#ffd166","agentName":"小助手"}
[2026-08-16T11:43:31.905Z] connection 建立
[2026-08-16T11:43:31.907Z] message: {"type":"join","name":"玩家甲","color":"#ffd166","agentName":"小甲"}
[2026-08-16T11:43:40.718Z] connection 建立
[2026-08-16T11:43:40.748Z] message: {"type":"join","name":"玩家乙","color":"#ffd166","agentName":""}
[2026-08-16T11:45:57.587Z] connection 建立
[2026-08-16T11:45:57.594Z] message: {"type":"join","name":"玩家甲","color":"#ffd166","agentName":"小甲"}
[2026-08-16T11:46:06.413Z] connection 建立
[2026-08-16T11:46:06.444Z] message: {"type":"join","name":"玩家乙","color":"#ffd166","agentName":""}
[2026-08-16T11:48:14.177Z] connection 建立
[2026-08-16T11:48:14.232Z] message: {"type":"join","name":"联机甲","color":"#ffd166","agentName":""}
[2026-08-16T11:48:23.409Z] connection 建立
[2026-08-16T11:48:23.431Z] message: {"type":"join","name":"联机乙","color":"#ffd166","agentName":""}
[2026-08-16T11:49:08.385Z] connection 建立
[2026-08-16T11:49:08.387Z] message: {"type":"join","name":"测试员","color":"#ffd166","agentName":"小助手"}
[2026-08-16T11:49:34.131Z] connection 建立
[2026-08-16T11:49:34.133Z] message: {"type":"join","name":"测试员","color":"#ffd166","agentName":"小助手"}
[2026-08-16T11:50:02.326Z] connection 建立
[2026-08-16T11:50:02.329Z] message: {"type":"join","name":"测试员","color":"#ffd166","agentName":"小助手"}
[2026-08-16T11:50:02.361Z] message: {"type":"control","dir":"right"}
[2026-08-16T11:50:02.470Z] message: {"type":"control","dir":"right"}
[2026-08-16T11:50:02.581Z] message: {"type":"control","interact":true}
[2026-08-16T11:50:02.693Z] message: {"type":"chat","channel":"player","text":"/buy 小麦种子 2"}
[2026-08-16T11:50:02.805Z] message: {"type":"control","interact":true}
[2026-08-16T11:50:02.915Z] message: {"type":"chat","channel":"player","text":"/task"}
[2026-08-16T11:52:04.788Z] connection 建立
[2026-08-16T11:52:04.821Z] message: {"type":"join","name":"嗡嗡嗡","color":"#ffd166","agentName":"嗡嗡嗡"}
[2026-08-16T11:52:06.261Z] message: {"type":"control","dir":"down"}
[2026-08-16T11:52:06.446Z] message: {"type":"control","dir":"down"}
[2026-08-16T11:52:06.695Z] message: {"type":"control","dir":"down"}
[2026-08-16T11:52:06.990Z] message: {"type":"control","dir":"down"}
[2026-08-16T11:52:07.274Z] message: {"type":"control","dir":"down"}
[2026-08-16T11:52:07.457Z] message: {"type":"control","dir":"down"}
[2026-08-16T11:52:07.640Z] message: {"type":"control","dir":"down"}
[2026-08-16T11:52:07.824Z] message: {"type":"control","dir":"down"}
[2026-08-16T11:52:08.008Z] message: {"type":"control","dir":"down"}
[2026-08-16T11:52:08.191Z] message: {"type":"control","dir":"down"}
[2026-08-16T11:52:08.374Z] message: {"type":"control","dir":"down"}
[2026-08-16T11:52:08.944Z] message: {"type":"control","dir":"right"}
[2026-08-16T11:52:09.128Z] message: {"type":"control","dir":"right"}
[2026-08-16T11:52:09.311Z] message: {"type":"control","dir":"right"}
[2026-08-16T11:52:09.495Z] message: {"type":"control","dir":"right"}
[2026-08-16T11:52:09.678Z] message: {"type":"control","dir":"right"}
[2026-08-16T11:52:09.861Z] message: {"type":"control","dir":"right"}
[2026-08-16T11:52:10.045Z] message: {"type":"control","dir":"up"}
[2026-08-16T11:52:10.371Z] message: {"type":"control","dir":"up"}
[2026-08-16T11:52:10.724Z] message: {"type":"control","dir":"down"}
[2026-08-16T11:52:10.907Z] message: {"type":"control","dir":"down"}
[2026-08-16T11:52:11.090Z] message: {"type":"control","dir":"down"}
[2026-08-16T11:52:11.276Z] message: {"type":"control","dir":"down"}
[2026-08-16T11:52:11.457Z] message: {"type":"control","dir":"down"}
[2026-08-16T11:52:12.361Z] message: {"type":"control","dir":"up"}
[2026-08-16T11:52:12.544Z] message: {"type":"control","dir":"up"}
[2026-08-16T11:52:12.728Z] message: {"type":"control","dir":"up"}
[2026-08-16T11:52:12.911Z] message: {"type":"control","dir":"up"}
[2026-08-16T11:52:13.094Z] message: {"type":"control","dir":"up"}
[2026-08-16T11:52:13.686Z] message: {"type":"control","dir":"down"}
[2026-08-16T11:52:13.869Z] message: {"type":"control","dir":"down"}
[2026-08-16T11:52:14.053Z] message: {"type":"control","dir":"down"}
[2026-08-16T11:52:14.236Z] message: {"type":"control","dir":"down"}
[2026-08-16T11:52:14.420Z] message: {"type":"control","dir":"right"}
[2026-08-16T11:52:14.603Z] message: {"type":"control","dir":"right"}
[2026-08-16T11:52:14.786Z] message: {"type":"control","dir":"right"}
[2026-08-16T11:52:23.174Z] message: {"type":"control","dir":"up"}
[2026-08-16T11:52:23.357Z] message: {"type":"control","dir":"up"}
[2026-08-16T11:52:23.911Z] message: {"type":"control","dir":"up"}
[2026-08-16T11:52:24.670Z] message: {"type":"control","dir":"down"}
[2026-08-16T11:52:24.865Z] message: {"type":"control","dir":"down"}
[2026-08-16T11:52:25.103Z] message: {"type":"control","dir":"down"}
[2026-08-16T11:52:25.282Z] message: {"type":"control","dir":"down"}
[2026-08-16T11:52:25.465Z] message: {"type":"control","dir":"down"}
[2026-08-16T11:52:25.649Z] message: {"type":"control","dir":"down"}
[2026-08-16T11:52:25.832Z] message: {"type":"control","dir":"down"}
[2026-08-16T11:52:26.015Z] message: {"type":"control","dir":"down"}
[2026-08-16T11:52:26.345Z] message: {"type":"control","dir":"left"}
[2026-08-16T11:52:26.528Z] message: {"type":"control","dir":"left"}
[2026-08-16T11:52:28.265Z] message: {"type":"control","dir":"up"}
[2026-08-16T11:52:28.448Z] message: {"type":"control","dir":"up"}
[2026-08-16T11:52:28.632Z] message: {"type":"control","dir":"up"}
[2026-08-16T11:52:28.815Z] message: {"type":"control","dir":"right"}
[2026-08-16T11:52:28.999Z] message: {"type":"control","dir":"right"}
[2026-08-16T11:52:29.187Z] message: {"type":"control","dir":"down"}
[2026-08-16T11:52:29.365Z] message: {"type":"control","dir":"down"}
[2026-08-16T11:52:29.548Z] message: {"type":"control","dir":"down"}
[2026-08-16T11:52:29.732Z] message: {"type":"control","dir":"down"}
[2026-08-16T11:52:29.916Z] message: {"type":"control","dir":"down"}
[2026-08-16T11:52:30.099Z] message: {"type":"control","dir":"down"}
[2026-08-16T11:52:30.282Z] message: {"type":"control","dir":"down"}
[2026-08-16T11:52:30.465Z] message: {"type":"control","dir":"down"}
[2026-08-16T11:52:30.649Z] message: {"type":"control","dir":"left"}
[2026-08-16T11:52:30.832Z] message: {"type":"control","dir":"left"}
[2026-08-16T11:52:31.020Z] message: {"type":"control","dir":"left"}
[2026-08-16T11:52:31.199Z] message: {"type":"control","dir":"up"}
[2026-08-16T11:52:35.014Z] message: {"type":"control","interact":true}
[2026-08-16T11:52:35.779Z] message: {"type":"control","interact":true}
[2026-08-16T11:52:36.082Z] message: {"type":"control","interact":true}
[2026-08-16T11:52:36.266Z] message: {"type":"control","interact":true}
[2026-08-16T11:52:36.457Z] message: {"type":"control","dir":"up"}
[2026-08-16T11:52:36.640Z] message: {"type":"control","dir":"up"}
[2026-08-16T11:52:36.770Z] message: {"type":"control","interact":true}
[2026-08-16T11:52:36.829Z] message: {"type":"control","dir":"up"}
[2026-08-16T11:52:36.940Z] message: {"type":"control","interact":true}
[2026-08-16T11:52:37.011Z] message: {"type":"control","dir":"up"}
[2026-08-16T11:52:37.107Z] message: {"type":"control","interact":true}
[2026-08-16T11:52:37.195Z] message: {"type":"control","dir":"up"}
[2026-08-16T11:52:37.286Z] message: {"type":"control","interact":true}
[2026-08-16T11:52:37.379Z] message: {"type":"control","dir":"up"}
[2026-08-16T11:52:37.457Z] message: {"type":"control","interact":true}
[2026-08-16T11:52:37.561Z] message: {"type":"control","dir":"up"}
[2026-08-16T11:52:37.632Z] message: {"type":"control","interact":true}
[2026-08-16T11:52:37.745Z] message: {"type":"control","dir":"up"}
[2026-08-16T11:52:37.836Z] message: {"type":"control","interact":true}
[2026-08-16T11:52:38.366Z] message: {"type":"control","dir":"right"}
[2026-08-16T11:52:38.549Z] message: {"type":"control","dir":"up"}
[2026-08-16T11:52:38.732Z] message: {"type":"control","dir":"right"}
[2026-08-16T12:03:57.117Z] connection 建立
[2026-08-16T12:03:57.147Z] message: {"type":"join","name":"试试s","color":"#ffd166","agentName":"试试"}
[2026-08-16T12:04:22.230Z] message: {"type":"control","dir":"down"}
[2026-08-16T12:04:22.427Z] message: {"type":"control","dir":"down"}
[2026-08-16T12:04:22.646Z] message: {"type":"control","dir":"down"}
[2026-08-16T12:04:22.835Z] message: {"type":"control","dir":"down"}
[2026-08-16T12:04:23.106Z] message: {"type":"control","dir":"up"}
[2026-08-16T12:04:23.306Z] message: {"type":"control","dir":"right"}
[2026-08-16T12:04:23.489Z] message: {"type":"control","dir":"right"}
[2026-08-16T12:04:23.672Z] message: {"type":"control","dir":"right"}
[2026-08-16T12:04:23.856Z] message: {"type":"control","dir":"down"}
[2026-08-16T12:04:24.039Z] message: {"type":"control","dir":"right"}
[2026-08-16T12:04:24.223Z] message: {"type":"control","dir":"down"}
[2026-08-16T12:04:24.406Z] message: {"type":"control","dir":"down"}
[2026-08-16T12:04:24.610Z] message: {"type":"control","dir":"left"}
[2026-08-16T12:04:24.793Z] message: {"type":"control","dir":"right"}
[2026-08-16T12:04:24.976Z] message: {"type":"control","dir":"right"}
[2026-08-16T12:04:25.164Z] message: {"type":"control","dir":"up"}
[2026-08-16T12:04:25.360Z] message: {"type":"control","dir":"up"}
[2026-08-16T12:04:25.560Z] message: {"type":"control","dir":"up"}
