AgentFarm2 服务器就绪: http://127.0.0.1:8080/  (静态+存档API+WS /ws)
[spawn] 玩家 uc9ba30b98f3d (#168) 出生在 shibojias(家石伯家) 门口 (10600,5800)
[hero] 新玩家 uc9ba30b98f3d 继承主角初始档
[account] 注册 aliceyrtx6c -> uc9ba30b98f3d
[account] 登录 aliceyrtx6c -> uc9ba30b98f3d
[join] uc9ba30b98f3d (aliceyrtx6c) 在线:1
[save] ★ 客户端覆盖 socialData {"pairs":{"u37b83ac878c3_u89dd9578ff03":{"fav":{"u37b83ac878c3":0,"u89dd9578ff03":0},"relation":"","relBy":""},"u00674eb
[spawn] 玩家 u5ec18e58dd03 (#169) 出生在 shibojias(家石伯家) 门口 (2600,4200)
[hero] 新玩家 u5ec18e58dd03 继承主角初始档
[account] 注册 bobyrugca -> u5ec18e58dd03
[account] 登录 bobyrugca -> u5ec18e58dd03
[join] u5ec18e58dd03 (bobyrugca) 在线:2
[save] ★ 客户端覆盖 socialData {"pairs":{"u37b83ac878c3_u89dd9578ff03":{"fav":{"u37b83ac878c3":0,"u89dd9578ff03":0},"relation":"","relBy":""},"u00674eb
[save] ★ 客户端覆盖 socialData {"pairs":{"u37b83ac878c3_u89dd9578ff03":{"fav":{"u37b83ac878c3":0,"u89dd9578ff03":0},"relation":"","relBy":""},"u00674eb
[save] ★ 客户端覆盖 socialData {"pairs":{"u37b83ac878c3_u89dd9578ff03":{"fav":{"u37b83ac878c3":0,"u89dd9578ff03":0},"relation":"","relBy":""},"u00674eb
[save] ★ 客户端覆盖 socialData {"pairs":{"u37b83ac878c3_u89dd9578ff03":{"fav":{"u37b83ac878c3":0,"u89dd9578ff03":0},"relation":"","relBy":""},"u00674eb
[save] ★ 客户端覆盖 socialData {"pairs":{"u37b83ac878c3_u89dd9578ff03":{"fav":{"u37b83ac878c3":0,"u89dd9578ff03":0},"relation":"","relBy":""},"u00674eb
[save] ★ 客户端覆盖 socialData {"pairs":{"u37b83ac878c3_u89dd9578ff03":{"fav":{"u37b83ac878c3":0,"u89dd9578ff03":0},"relation":"","relBy":""},"u00674eb
[save] ★ 客户端覆盖 socialData {"pairs":{"u37b83ac878c3_u89dd9578ff03":{"fav":{"u37b83ac878c3":0,"u89dd9578ff03":0},"relation":"","relBy":""},"u00674eb
[save] ★ 客户端覆盖 socialData {"pairs":{"u37b83ac878c3_u89dd9578ff03":{"fav":{"u37b83ac878c3":0,"u89dd9578ff03":0},"relation":"","relBy":""},"u00674eb
[save] ★ 客户端覆盖 socialData {"pairs":{"u37b83ac878c3_u89dd9578ff03":{"fav":{"u37b83ac878c3":0,"u89dd9578ff03":0},"relation":"","relBy":""},"u00674eb
[save] ★ 客户端覆盖 socialData {"pairs":{"u37b83ac878c3_u89dd9578ff03":{"fav":{"u37b83ac878c3":0,"u89dd9578ff03":0},"relation":"","relBy":""},"u00674eb
[save] ★ 客户端覆盖 socialData {"pairs":{"u37b83ac878c3_u89dd9578ff03":{"fav":{"u37b83ac878c3":0,"u89dd9578ff03":0},"relation":"","relBy":""},"u00674eb
[save] ★ 客户端覆盖 socialData {"pairs":{"u37b83ac878c3_u89dd9578ff03":{"fav":{"u37b83ac878c3":0,"u89dd9578ff03":0},"relation":"","relBy":""},"u00674eb
[save] ★ 客户端覆盖 socialData {"pairs":{"u37b83ac878c3_u89dd9578ff03":{"fav":{"u37b83ac878c3":0,"u89dd9578ff03":0},"relation":"","relBy":""},"u00674eb
[save] ★ 客户端覆盖 socialData {"pairs":{"u37b83ac878c3_u89dd9578ff03":{"fav":{"u37b83ac878c3":0,"u89dd9578ff03":0},"relation":"","relBy":""},"u00674eb
[save] ★ 客户端覆盖 socialData {"pairs":{"u37b83ac878c3_u89dd9578ff03":{"fav":{"u37b83ac878c3":0,"u89dd9578ff03":0},"relation":"","relBy":""},"u00674eb
[save] ★ 客户端覆盖 socialData {"pairs":{"u37b83ac878c3_u89dd9578ff03":{"fav":{"u37b83ac878c3":0,"u89dd9578ff03":0},"relation":"","relBy":""},"u00674eb
[save] ★ 客户端覆盖 socialData {"pairs":{"u37b83ac878c3_u89dd9578ff03":{"fav":{"u37b83ac878c3":0,"u89dd9578ff03":0},"relation":"","relBy":""},"u00674eb
[save] ★ 客户端覆盖 socialData {"pairs":{"u37b83ac878c3_u89dd9578ff03":{"fav":{"u37b83ac878c3":0,"u89dd9578ff03":0},"relation":"","relBy":""},"u00674eb
[save] ★ 客户端覆盖 socialData {"pairs":{"u37b83ac878c3_u89dd9578ff03":{"fav":{"u37b83ac878c3":0,"u89dd9578ff03":0},"relation":"","relBy":""},"u00674eb
[save] ★ 客户端覆盖 socialData {"pairs":{"u37b83ac878c3_u89dd9578ff03":{"fav":{"u37b83ac878c3":0,"u89dd9578ff03":0},"relation":"","relBy":""},"u00674eb
[save] ★ 客户端覆盖 socialData {"pairs":{"u37b83ac878c3_u89dd9578ff03":{"fav":{"u37b83ac878c3":0,"u89dd9578ff03":0},"relation":"","relBy":""},"u00674eb
[save] ★ 客户端覆盖 socialData {"pairs":{"u37b83ac878c3_u89dd9578ff03":{"fav":{"u37b83ac878c3":0,"u89dd9578ff03":0},"relation":"","relBy":""},"u00674eb
[save] ★ 客户端覆盖 socialData {"pairs":{"u37b83ac878c3_u89dd9578ff03":{"fav":{"u37b83ac878c3":0,"u89dd9578ff03":0},"relation":"","relBy":""},"u00674eb
[save] ★ 客户端覆盖 socialData {"pairs":{"u37b83ac878c3_u89dd9578ff03":{"fav":{"u37b83ac878c3":0,"u89dd9578ff03":0},"relation":"","relBy":""},"u00674eb
[save] ★ 客户端覆盖 socialData {"pairs":{"u37b83ac878c3_u89dd9578ff03":{"fav":{"u37b83ac878c3":0,"u89dd9578ff03":0},"relation":"","relBy":""},"u00674eb
[save] ★ 客户端覆盖 socialData {"pairs":{"u37b83ac878c3_u89dd9578ff03":{"fav":{"u37b83ac878c3":0,"u89dd9578ff03":0},"relation":"","relBy":""},"u00674eb
[save] ★ 客户端覆盖 socialData {"pairs":{"u37b83ac878c3_u89dd9578ff03":{"fav":{"u37b83ac878c3":0,"u89dd9578ff03":0},"relation":"","relBy":""},"u00674eb
[save] ★ 客户端覆盖 socialData {"pairs":{"u37b83ac878c3_u89dd9578ff03":{"fav":{"u37b83ac878c3":0,"u89dd9578ff03":0},"relation":"","relBy":""},"u00674eb
[save] ★ 客户端覆盖 socialData {"pairs":{"u37b83ac878c3_u89dd9578ff03":{"fav":{"u37b83ac878c3":0,"u89dd9578ff03":0},"relation":"","relBy":""},"u00674eb
[save] ★ 客户端覆盖 socialData {"pairs":{"u37b83ac878c3_u89dd9578ff03":{"fav":{"u37b83ac878c3":0,"u89dd9578ff03":0},"relation":"","relBy":""},"u00674eb
[save] ★ 客户端覆盖 socialData {"pairs":{"u37b83ac878c3_u89dd9578ff03":{"fav":{"u37b83ac878c3":0,"u89dd9578ff03":0},"relation":"","relBy":""},"u00674eb
[save] ★ 客户端覆盖 socialData {"pairs":{"u37b83ac878c3_u89dd9578ff03":{"fav":{"u37b83ac878c3":0,"u89dd9578ff03":0},"relation":"","relBy":""},"u00674eb
[save] ★ 客户端覆盖 socialData {"pairs":{"u37b83ac878c3_u89dd9578ff03":{"fav":{"u37b83ac878c3":0,"u89dd9578ff03":0},"relation":"","relBy":""},"u00674eb
[save] ★ 客户端覆盖 socialData {"pairs":{"u37b83ac878c3_u89dd9578ff03":{"fav":{"u37b83ac878c3":0,"u89dd9578ff03":0},"relation":"","relBy":""},"u00674eb
[save] ★ 客户端覆盖 socialData {"pairs":{"u37b83ac878c3_u89dd9578ff03":{"fav":{"u37b83ac878c3":0,"u89dd9578ff03":0},"relation":"","relBy":""},"u00674eb
[save] ★ 客户端覆盖 socialData {"pairs":{"u37b83ac878c3_u89dd9578ff03":{"fav":{"u37b83ac878c3":0,"u89dd9578ff03":0},"relation":"","relBy":""},"u00674eb
[save] ★ 客户端覆盖 socialData {"pairs":{"u37b83ac878c3_u89dd9578ff03":{"fav":{"u37b83ac878c3":0,"u89dd9578ff03":0},"relation":"","relBy":""},"u00674eb
[fav] addFav uc9ba30b98f3d->u5ec18e58dd03 +2 prev=0 now=2 key=u5ec18e58dd03_uc9ba30b98f3d
[task] uc9ba30b98f3d 完成: ✅ 任务完成「和玩家聊一次天」，奖励 金币×50（已放入背包）
[task] u5ec18e58dd03 完成: ✅ 任务完成「和玩家聊一次天」，奖励 金币×50（已放入背包）
[social] aliceyrtx6c 对话 bobyrugca
[save] ★ 客户端覆盖 socialData {"pairs":{"u37b83ac878c3_u89dd9578ff03":{"fav":{"u37b83ac878c3":0,"u89dd9578ff03":0},"relation":"","relBy":""},"u00674eb
[fav] addFav uc9ba30b98f3d->u5ec18e58dd03 +5 prev=0 now=5 key=u5ec18e58dd03_uc9ba30b98f3d
[task] uc9ba30b98f3d 完成: ✅ 任务完成「给玩家送一次礼」，奖励 金币×80（已放入背包）
[social] aliceyrtx6c 送礼 bobyrugca 金币x50
[save] ★ 客户端覆盖 socialData {"pairs":{"u37b83ac878c3_u89dd9578ff03":{"fav":{"u37b83ac878c3":0,"u89dd9578ff03":0},"relation":"","relBy":""},"u00674eb
[fav] addFav uc9ba30b98f3d->u5ec18e58dd03 +5 prev=0 now=5 key=u5ec18e58dd03_uc9ba30b98f3d
[social] aliceyrtx6c 送礼 bobyrugca 金币x50
[save] ★ 客户端覆盖 socialData {"pairs":{"u37b83ac878c3_u89dd9578ff03":{"fav":{"u37b83ac878c3":0,"u89dd9578ff03":0},"relation":"","relBy":""},"u00674eb
[fav] addFav uc9ba30b98f3d->u5ec18e58dd03 +5 prev=0 now=5 key=u5ec18e58dd03_uc9ba30b98f3d
[social] aliceyrtx6c 送礼 bobyrugca 金币x50
[save] ★ 客户端覆盖 socialData {"pairs":{"u37b83ac878c3_u89dd9578ff03":{"fav":{"u37b83ac878c3":0,"u89dd9578ff03":0},"relation":"","relBy":""},"u00674eb
[save] ★ 客户端覆盖 socialData {"pairs":{"u37b83ac878c3_u89dd9578ff03":{"fav":{"u37b83ac878c3":0,"u89dd9578ff03":0},"relation":"","relBy":""},"u00674eb
[save] ★ 客户端覆盖 socialData {"pairs":{"u37b83ac878c3_u89dd9578ff03":{"fav":{"u37b83ac878c3":0,"u89dd9578ff03":0},"relation":"","relBy":""},"u00674eb
[save] ★ 客户端覆盖 socialData {"pairs":{"u37b83ac878c3_u89dd9578ff03":{"fav":{"u37b83ac878c3":0,"u89dd9578ff03":0},"relation":"","relBy":""},"u00674eb
[save] ★ 客户端覆盖 socialData {"pairs":{"u37b83ac878c3_u89dd9578ff03":{"fav":{"u37b83ac878c3":0,"u89dd9578ff03":0},"relation":"","relBy":""},"u00674eb
[save] ★ 客户端覆盖 socialData {"pairs":{"u37b83ac878c3_u89dd9578ff03":{"fav":{"u37b83ac878c3":0,"u89dd9578ff03":0},"relation":"","relBy":""},"u00674eb
[save] ★ 客户端覆盖 socialData {"pairs":{"u37b83ac878c3_u89dd9578ff03":{"fav":{"u37b83ac878c3":0,"u89dd9578ff03":0},"relation":"","relBy":""},"u00674eb
[leave] uc9ba30b98f3d 在线:1
[leave] u5ec18e58dd03 在线:0
